name,birth_date,register_date,credit_card
Ann,1/31/1980,8/20/1996,4532908762519852
James,4/5/1988,5/9/2001,4301261899725540
Dan,9/13/1945,12/15/2011,4620761856015295
Laura,12/3/1992,2/3/2017,4564981067258901
